<?xml version="1.0" encoding="UTF-8"?>
<TestRun id="6bf0adb9-e72b-4cde-9f0c-95506ba9f247" name="almeidfa@RJ-RISC-0014 2014-12-19 19:55:22" runUser="DOMAIN\almeidfa" xmlns="http://microsoft.com/schemas/VisualStudio/TeamTest/2010">
  <TestSettings name="Local" id="7aeccb53-309a-402d-8be5-983e83f26f2b">
    <Description>These are default test settings for a local test run.</Description>
    <Deployment enabled="false" runDeploymentRoot="almeidfa_RJ-RISC-0014 2014-12-19 19_55_22">
      <DeploymentItem filename="G:\felipe\programming\projects\prototyping\Prototyping\packages\Common.Logging.2.3.1\lib\net40\Common.Logging.dll" />
      <DeploymentItem filename="G:\felipe\programming\projects\prototyping\Prototyping\Prototyping.Code\bin\Debug\Prototyping.Code.dll" />
    </Deployment>
    <Execution>
      <TestTypeSpecific />
      <AgentRule name="Execution Agents">
      </AgentRule>
    </Execution>
  </TestSettings>
  <Times creation="2014-12-19T19:55:22.3802535-02:00" queuing="2014-12-19T19:55:23.6442535-02:00" start="2014-12-19T19:55:23.8102535-02:00" finish="2014-12-19T19:55:48.8762535-02:00" />
  <ResultSummary outcome="Completed">
    <Counters total="1" executed="1" passed="1" error="0" failed="0" timeout="0" aborted="0" inconclusive="0" passedButRunAborted="0" notRunnable="0" notExecuted="0" disconnected="0" warning="0" completed="0" inProgress="0" pending="0" />
  </ResultSummary>
  <TestDefinitions>
    <UnitTest name="TestMethod1" storage="g:\felipe\programming\projects\prototyping\prototyping\prototyping.code.tests\bin\debug\prototyping.code.tests.dll" id="f4841711-36b0-d577-c39a-32060ff51d0a">
      <Execution id="9ff17db2-3c30-48e1-a5fd-7c110d640f8f" />
      <TestMethod codeBase="G:/felipe/programming/projects/prototyping/Prototyping/Prototyping.Code.Tests/bin/Debug/Prototyping.Code.Tests.DLL" adapterTypeName="Microsoft.VisualStudio.TestTools.TestTypes.Unit.UnitTestAdapter, Microsoft.VisualStudio.QualityTools.Tips.UnitTest.Adapter, Version=10.0.0.0, Culture=neutral, PublicKeyToken=b03f5f7f11d50a3a" className="Prototyping.Code.Tests.CoachBaseRepositoryTests, Prototyping.Code.Tests, Version=1.0.0.0, Culture=neutral, PublicKeyToken=null" name="TestMethod1" />
    </UnitTest>
  </TestDefinitions>
  <TestLists>
    <TestList name="Results Not in a List" id="8c84fa94-04c1-424b-9868-57a2d4851a1d" />
    <TestList name="All Loaded Results" id="19431567-8539-422a-85d7-44ee4e166bda" />
  </TestLists>
  <TestEntries>
    <TestEntry testId="f4841711-36b0-d577-c39a-32060ff51d0a" executionId="9ff17db2-3c30-48e1-a5fd-7c110d640f8f" testListId="8c84fa94-04c1-424b-9868-57a2d4851a1d" />
  </TestEntries>
  <Results>
    <UnitTestResult executionId="9ff17db2-3c30-48e1-a5fd-7c110d640f8f" testId="f4841711-36b0-d577-c39a-32060ff51d0a" testName="TestMethod1" computerName="RJ-RISC-0014" duration="00:00:23.7811931" startTime="2014-12-19T19:55:23.9432535-02:00" endTime="2014-12-19T19:55:48.8352535-02:00" testType="13cdc9d9-ddb5-4fa4-a97d-d965ccfc6d4b" outcome="Passed" testListId="8c84fa94-04c1-424b-9868-57a2d4851a1d" relativeResultsDirectory="9ff17db2-3c30-48e1-a5fd-7c110d640f8f">
      <Output>
        <StdOut>2014/12/19 19:55:27:987 [INFO]  Prototyping.Code.CoachBaseRepository - inicio Hello World
2014/12/19 19:55:45:799 [INFO]  Prototyping.Code.CoachBaseRepository - fim Hello World</StdOut>
      </Output>
    </UnitTestResult>
  </Results>
</TestRun>